// Jest Snapshot v1, https://goo.gl/fbAQLP

exports[`should return empty array 1`] = `
Array [
  Object {
    "icon": Object {
      "path": "/Users/jukben/Dev/alfred-emoji/node_modules/emoji-datasource-apple/img/apple/64/1f440.png",
    },
    "title": "Nothing found!",
  },
]
`;

exports[`should return return correct smiles for "rofl" 1`] = `
Array [
  Object {
    "arg": "üòÇ",
    "icon": Object {
      "path": "/Users/jukben/Dev/alfred-emoji/node_modules/emoji-datasource-apple/img/apple/64/1f602.png",
    },
    "title": "FACE WITH TEARS OF JOY",
  },
  Object {
    "arg": "üòÜ",
    "icon": Object {
      "path": "/Users/jukben/Dev/alfred-emoji/node_modules/emoji-datasource-apple/img/apple/64/1f606.png",
    },
    "title": "SMILING FACE WITH OPEN MOUTH AND TIGHTLY-CLOSED EYES",
  },
  Object {
    "arg": "üòπ",
    "icon": Object {
      "path": "/Users/jukben/Dev/alfred-emoji/node_modules/emoji-datasource-apple/img/apple/64/1f639.png",
    },
    "title": "CAT FACE WITH TEARS OF JOY",
  },
  Object {
    "arg": "üòÑ",
    "icon": Object {
      "path": "/Users/jukben/Dev/alfred-emoji/node_modules/emoji-datasource-apple/img/apple/64/1f604.png",
    },
    "title": "SMILING FACE WITH OPEN MOUTH AND SMILING EYES",
  },
  Object {
    "arg": "üòù",
    "icon": Object {
      "path": "/Users/jukben/Dev/alfred-emoji/node_modules/emoji-datasource-apple/img/apple/64/1f61d.png",
    },
    "title": "FACE WITH STUCK-OUT TONGUE AND TIGHTLY-CLOSED EYES",
  },
  Object {
    "arg": "üò≠",
    "icon": Object {
      "path": "/Users/jukben/Dev/alfred-emoji/node_modules/emoji-datasource-apple/img/apple/64/1f62d.png",
    },
    "title": "LOUDLY CRYING FACE",
  },
  Object {
    "arg": "üòú",
    "icon": Object {
      "path": "/Users/jukben/Dev/alfred-emoji/node_modules/emoji-datasource-apple/img/apple/64/1f61c.png",
    },
    "title": "FACE WITH STUCK-OUT TONGUE AND WINKING EYE",
  },
  Object {
    "arg": "üëá",
    "icon": Object {
      "path": "/Users/jukben/Dev/alfred-emoji/node_modules/emoji-datasource-apple/img/apple/64/1f447.png",
    },
    "title": "WHITE DOWN POINTING BACKHAND INDEX",
  },
  Object {
    "arg": "üòÄ",
    "icon": Object {
      "path": "/Users/jukben/Dev/alfred-emoji/node_modules/emoji-datasource-apple/img/apple/64/1f600.png",
    },
    "title": "GRINNING FACE",
  },
  Object {
    "arg": "üôà",
    "icon": Object {
      "path": "/Users/jukben/Dev/alfred-emoji/node_modules/emoji-datasource-apple/img/apple/64/1f648.png",
    },
    "title": "SEE-NO-EVIL MONKEY",
  },
]
`;
